<html>
<body>
<pre>
<h1>µVision Build Log</h1>
<h2>Tool Versions:</h2>
IDE-Version: µVision V5.39.0.0
Copyright (C) 2023 ARM Ltd and ARM Germany GmbH. All rights reserved.
License Information: shihab mohammad, na, LIC=----
 
Tool Versions:
Toolchain:       MDK-Lite  Version: 5.39.0.0
Toolchain Path:  C:\Keil_v5\ARM\ARMCLANG\Bin
C Compiler:      ArmClang.exe V6.21
Assembler:       Armasm.exe V6.21
Linker/Locator:  ArmLink.exe V6.21
Library Manager: ArmAr.exe V6.21
Hex Converter:   FromElf.exe V6.21
CPU DLL:         SARMCM3.DLL V5.39.0.0
Dialog DLL:      DARMCM1.DLL V1.19.6.0
Target DLL:      STLink\ST-LINKIII-KEIL_SWO.dll V3.2.0.0
Dialog DLL:      TARMCM1.DLL V1.14.6.0
 
<h2>Project:</h2>
E:\Desk\project_work\Ice_crusher\keil code\ice_maker.uvprojx
Project File Date:  06/02/2024

<h2>Output:</h2>
*** Using Compiler 'V6.21', folder: 'C:\Keil_v5\ARM\ARMCLANG\Bin'
Build target 'Target 1'
icemaker.c(2): warning: In file included from...
./timer.h(10): warning: no newline at end of file [-Wnewline-eof]
   10 | void delay(uint16_t ind);
      |                          ^
icemaker.c(3): warning: In file included from...
./serial.h(12): warning: no newline at end of file [-Wnewline-eof]
   12 | void    uart_send_num_float(float num);
      |                                        ^
icemaker.c(4): warning: In file included from...
./ntc.h(4): warning: no newline at end of file [-Wnewline-eof]
    4 | int temperature(void);
      |                       ^
icemaker.c(5): warning: In file included from...
./icemaker.h(6): warning: no newline at end of file [-Wnewline-eof]
    6 | void ice_box_rotation(void);
      |                             ^
icemaker.c(103): warning: no previous extern declaration for non-static variable 'timer_value' [-Wmissing-variable-declarations]
  103 | volatile int16_t timer_value = -7;
      |                  ^
icemaker.c(103): note: declare 'static' if the variable is not intended to be used outside of this translation unit
  103 | volatile int16_t timer_value = -7;
      |          ^
icemaker.c(106): warning: no previous extern declaration for non-static variable 'rtime' [-Wmissing-variable-declarations]
  106 | volatile int16_t rtime = 0;      // To count the rotation time of motor
      |                  ^
icemaker.c(106): note: declare 'static' if the variable is not intended to be used outside of this translation unit
  106 | volatile int16_t rtime = 0;      // To count the rotation time of motor
      |          ^
icemaker.c(107): warning: no previous extern declaration for non-static variable 'vtime' [-Wmissing-variable-declarations]
  107 | volatile int16_t vtime = 0;      // To count the valve on time
      |                  ^
icemaker.c(107): note: declare 'static' if the variable is not intended to be used outside of this translation unit
  107 | volatile int16_t vtime = 0;      // To count the valve on time
      |          ^
icemaker.c(111): warning: no previous extern declaration for non-static variable 'IB' [-Wmissing-variable-declarations]
  111 | int IB = 0;                      // To update ice box status
      |     ^
icemaker.c(111): note: declare 'static' if the variable is not intended to be used outside of this translation unit
  111 | int IB = 0;                      // To update ice box status
      | ^
icemaker.c(112): warning: no previous extern declaration for non-static variable 'IC' [-Wmissing-variable-declarations]
  112 | int IC = 0;                      // To update ice container status
      |     ^
icemaker.c(112): note: declare 'static' if the variable is not intended to be used outside of this translation unit
  112 | int IC = 0;                      // To update ice container status
      | ^
icemaker.c(113): warning: no previous extern declaration for non-static variable 'VALVE_FILLED_FLAG' [-Wmissing-variable-declarations]
  113 | int VALVE_FILLED_FLAG = 0;       // To update whether valve filled water and ready to dispense ice
      |     ^
icemaker.c(113): note: declare 'static' if the variable is not intended to be used outside of this translation unit
  113 | int VALVE_FILLED_FLAG = 0;       // To update whether valve filled water and ready to dispense ice
      | ^
icemaker.c(114): warning: no previous extern declaration for non-static variable 'ICE_OPERATION' [-Wmissing-variable-declarations]
  114 | int ICE_OPERATION = 0;           // To update whether the system will go to ice dispense operation by rotating the motor
      |     ^
icemaker.c(114): note: declare 'static' if the variable is not intended to be used outside of this translation unit
  114 | int ICE_OPERATION = 0;           // To update whether the system will go to ice dispense operation by rotating the motor
      | ^
icemaker.c(117): warning: no previous prototype for function 'TIM1_BRK_UP_TRG_COM_IRQHandler' [-Wmissing-prototypes]
  117 | void TIM1_BRK_UP_TRG_COM_IRQHandler(void) {
      |      ^
icemaker.c(117): note: declare 'static' if the function is not intended to be used outside of this translation unit
  117 | void TIM1_BRK_UP_TRG_COM_IRQHandler(void) {
      | ^
      | static 
icemaker.c(144): warning: implicit conversion changes signedness: 'int' to 'uint32_t' (aka 'unsigned int') [-Wsign-conversion]
  144 |                 GPIOA -> ODR &=~ (1<<5);
      |                              ~~^~~~~~~~
icemaker.c(145): warning: implicit conversion changes signedness: 'int' to 'uint32_t' (aka 'unsigned int') [-Wsign-conversion]
  145 |                 GPIOA ->BSRR &=~ (1<<5); // PA3  low
      |                              ~~^~~~~~~~
icemaker.c(150): warning: implicit conversion changes signedness: 'int' to 'uint32_t' (aka 'unsigned int') [-Wsign-conversion]
  150 |                 GPIOA -> ODR &=~ (1<<4);
      |                              ~~^~~~~~~~
icemaker.c(151): warning: implicit conversion changes signedness: 'int' to 'uint32_t' (aka 'unsigned int') [-Wsign-conversion]
  151 |                 GPIOA ->BSRR &=~ (1<<4); // PA2 low
      |                              ~~^~~~~~~~
icemaker.c(159): warning: implicit conversion changes signedness: 'int' to 'uint32_t' (aka 'unsigned int') [-Wsign-conversion]
  159 |                 GPIOA -> ODR &=~ (1<<4);
      |                              ~~^~~~~~~~
icemaker.c(160): warning: implicit conversion changes signedness: 'int' to 'uint32_t' (aka 'unsigned int') [-Wsign-conversion]
  160 |                 GPIOA ->BSRR &=~ (1<<4); // PA2 low
      |                              ~~^~~~~~~~
icemaker.c(162): warning: implicit conversion changes signedness: 'int' to 'uint32_t' (aka 'unsigned int') [-Wsign-conversion]
  162 |                 GPIOA -> ODR &=~ (1<<5);
      |                              ~~^~~~~~~~
icemaker.c(163): warning: implicit conversion changes signedness: 'int' to 'uint32_t' (aka 'unsigned int') [-Wsign-conversion]
  163 |                 GPIOA ->BSRR &=~ (1<<5); // PA3  low
      |                              ~~^~~~~~~~
icemaker.c(169): warning: no previous extern declaration for non-static variable 't1' [-Wmissing-variable-declarations]
  169 | int t1 = 0;
      |     ^
icemaker.c(169): note: declare 'static' if the variable is not intended to be used outside of this translation unit
  169 | int t1 = 0;
      | ^
icemaker.c(170): warning: no previous extern declaration for non-static variable 't2' [-Wmissing-variable-declarations]
  170 | int t2 = 0;
      |     ^
icemaker.c(170): note: declare 'static' if the variable is not intended to be used outside of this translation unit
  170 | int t2 = 0;
      | ^
icemaker.c(171): warning: no previous extern declaration for non-static variable 'hall_f' [-Wmissing-variable-declarations]
  171 | int hall_f = 0;
      |     ^
icemaker.c(171): note: declare 'static' if the variable is not intended to be used outside of this translation unit
  171 | int hall_f = 0;
      | ^
icemaker.c(179): warning: binary integer literals are a GNU extension [-Wgnu-binary-literal]
  179 |                 if (!(GPIOB->IDR & 0b01)){   // At lower state
      |                                    ^
icemaker.c(184): warning: binary integer literals are a GNU extension [-Wgnu-binary-literal]
  184 |                         if ((GPIOB->IDR & 0b01)){  // At higher state
      |                                           ^
25 warnings generated.
compiling icemaker.c...
linking...
Program Size: Code=2820 RO-data=276 RW-data=0 ZI-data=1656  
FromELF: creating hex file...
".\Objects\ice_maker.axf" - 0 Error(s), 25 Warning(s).

<h2>Software Packages used:</h2>

Package Vendor: ARM
                https://www.keil.com/pack/ARM.CMSIS.6.0.0.pack
                ARM::CMSIS@6.0.0
                CMSIS (Common Microcontroller Software Interface Standard)
   * Component: CORE Version: 6.0.0

Package Vendor: Keil
                https://www.keil.com/pack/Keil.STM32G0xx_DFP.1.5.0.pack
                Keil::STM32G0xx_DFP@1.5.0
                STMicroelectronics STM32G0 Series Device Support
   * Component: Startup Version: 1.4.2

<h2>Collection of Component include folders:</h2>
  ./RTE/_Target_1
  C:/Users/Administrator/AppData/Local/Arm/Packs/ARM/CMSIS/6.0.0/CMSIS/Core/Include
  C:/Users/Administrator/AppData/Local/Arm/Packs/Keil/STM32G0xx_DFP/1.5.0/Drivers/CMSIS/Device/ST/STM32G0xx/Include

<h2>Collection of Component Files used:</h2>

   * Component: ARM::CMSIS:CORE@6.0.0

   * Component: Keil::Device:Startup@1.4.2
      Source file:   MDK/Device/Source/ARM/STM32G0x0_SB_OPT.s
      Source file:   MDK/Device/Source/ARM/STM32G0x0_DB_OPT.s
      Include file:  Drivers/CMSIS/Device/ST/STM32G0xx/Include/stm32g0xx.h
      Source file:   Drivers/CMSIS/Device/ST/STM32G0xx/Source/Templates/arm/startup_stm32g030xx.s
      Source file:   Drivers/CMSIS/Device/ST/STM32G0xx/Source/Templates/system_stm32g0xx.c
Build Time Elapsed:  00:00:00
</pre>
</body>
</html>
